11:00:52.779 [main] INFO  org.testng.internal.Utils - [Utils] MethodGroupsHelper.collectMethodsByGroup() took 0 ms.
11:00:52.790 [main] INFO  org.testng.internal.Utils - [Utils] MethodGroupsHelper.sortMethods() took 0 ms.
11:00:52.810 [main] INFO  org.testng.internal.Utils - [TestNG] Running:
  C:\Users\Admin\AppData\Local\Temp\testng-eclipse-171693250\testng-customsuite.xml

11:00:52.855 [main] INFO  org.testng.internal.Utils - [Utils] DynamicGraphHelper.createDynamicGraph() took 11 ms.
11:01:06.166 [main] INFO  testCases.TestLoginPage - 🚀 Browser launched
11:01:06.202 [main] INFO  testCases.TestLoginPage - 🌐 Navigating to login page
11:01:12.353 [main] INFO  testCases.TestLoginPage - ✅ Login successful
11:01:20.936 [main] INFO  testCases.TestLoginPage - ✅ Logout successful
11:01:20.970 [main] INFO  testCases.TestLoginPage - 🚀 Browser launched
11:01:20.970 [main] INFO  testCases.TestLoginPage - 🌐 Navigating to login page
11:01:26.666 [main] INFO  testCases.TestLoginPage - ✅ Login successful
11:01:36.738 [main] INFO  testCases.TestLoginPage - 🚀 Browser launched
11:01:36.738 [main] INFO  testCases.TestLoginPage - 🌐 Navigating to login page
11:01:42.405 [main] INFO  testCases.TestLoginPage - ✅ Login successful
11:01:52.474 [main] INFO  testCases.TestLoginPage - 🚀 Browser launched
11:01:52.476 [main] INFO  testCases.TestLoginPage - 🌐 Navigating to login page
11:01:58.133 [main] INFO  testCases.TestLoginPage - ✅ Login successful
11:02:08.208 [main] INFO  testCases.TestLoginPage - 🚀 Browser launched
11:02:08.208 [main] INFO  testCases.TestLoginPage - 🌐 Navigating to login page
11:02:13.838 [main] INFO  testCases.TestLoginPage - ✅ Login successful
11:02:23.927 [main] INFO  testCases.TestLoginPage - 🚀 Browser launched
11:02:23.928 [main] INFO  testCases.TestLoginPage - 🌐 Navigating to login page
11:02:29.734 [main] INFO  org.testng.internal.Utils - [TestNG] Time taken by org.testng.reporters.jq.Main@784223e9: 365 ms
11:02:29.789 [main] INFO  org.testng.internal.Utils - [TestNG] Time taken by org.testng.reporters.FailedReporter@76d72b5b: 54 ms
11:02:29.823 [main] INFO  org.testng.internal.Utils - [TestNG] Time taken by org.testng.reporters.XMLReporter@ffd4cba: 34 ms
11:02:29.850 [main] INFO  org.testng.internal.Utils - [TestNG] Time taken by org.testng.reporters.EmailableReporter2@479111ba: 26 ms
11:02:29.919 [main] INFO  org.testng.internal.Utils - [TestNG] Time taken by org.testng.reporters.JUnitReportReporter@adcfad9: 68 ms
11:02:29.919 [main] INFO  org.testng.internal.Utils - [TestNG] Time taken by org.testng.internal.ExitCodeListener@fb49fdf: 0 ms
